=== TESTING STATISTICS CALCULATION ===\n
Course codes looking for: 33
[
    "ELEM",
    "JHS",
    "SHS-ABM",
    "SHS-STEM",
    "SHS-HUMSS",
    "SHS-HE",
    "SHS-ICT",
    "BSGE",
    "BSA",
    "BEEd",
    "BSEd",
    "BSEd-Math",
    "BSEd-English",
    "BSEd-Filipino",
    "BSEd-Science",
    "BSCrim",
    "BSN",
    "AB-PolSci",
    "AB-English",
    "ABCom",
    "BSBA",
    "BSBA-FM",
    "BSBA-MM",
    "BSBA-HRM",
    "BSBA-MA",
    "BSIT",
    "BSHM",
    "PhD",
    "EdD",
    "MA.Ed",
    "MA.Ed-LL",
    "MPA",
    "MBA"
]

Found course IDs (count: 33):
{
    "ELEM": 1,
    "JHS": 2,
    "SHS-ABM": 3,
    "SHS-STEM": 4,
    "SHS-HUMSS": 5,
    "SHS-HE": 6,
    "SHS-ICT": 7,
    "BSGE": 8,
    "BSA": 9,
    "BSBA": 10,
    "BSBA-FM": 11,
    "BSBA-MM": 12,
    "BSBA-MA": 13,
    "BSBA-HRM": 14,
    "BEEd": 15,
    "BSEd": 16,
    "BSEd-Math": 17,
    "BSEd-English": 18,
    "BSEd-Filipino": 19,
    "BSEd-Science": 20,
    "BSN": 21,
    "BSCrim": 22,
    "AB-PolSci": 23,
    "AB-English": 24,
    "ABCom": 25,
    "BSIT": 26,
    "BSHM": 27,
    "PhD": 28,
    "EdD": 29,
    "MA.Ed": 30,
    "MA.Ed-LL": 31,
    "MPA": 32,
    "MBA": 33
}


=== STUDENT DATA ===
Total students: 2
[Γ£ô] ID: 2, Name: Mae Ann Gante, Course ID: 26
[Γ£ù] ID: 3, Name: Mae Ann Gante, Course ID: 26

=== RAW QUERY RESULTS ===
Raw results from query:
  course_id: 26, count: 1

=== COURSE COUNTS ===
Keyed course counts: {"26":1}

Verified students total: 1
Verified students with course_id set: 1

=== CALCULATED STATISTICS ===
BEC Total: 0
College Total: 1
Graduate Total: 0

=== COLLEGE COURSES BREAKDOWN ===
BSGE (ID: 8): 0
BSA (ID: 9): 0
BEEd (ID: 15): 0
BSEd (ID: 16): 0
BSEd-Math (ID: 17): 0
BSEd-English (ID: 18): 0
BSEd-Filipino (ID: 19): 0
BSEd-Science (ID: 20): 0
BSCrim (ID: 22): 0
BSN (ID: 21): 0
AB-PolSci (ID: 23): 0
AB-English (ID: 24): 0
ABCom (ID: 25): 0
BSBA (ID: 10): 0
BSBA-FM (ID: 11): 0
BSBA-MM (ID: 12): 0
BSBA-HRM (ID: 14): 0
BSBA-MA (ID: 13): 0
BSIT (ID: 26): 1
BSHM (ID: 27): 0
